// Jest Snapshot v1, https://goo.gl/fbAQLP

exports[`PageMain correctly render 1`] = `
<div>
  Hello Walrus
</div>
`;
