// Jest Snapshot v1, https://goo.gl/fbAQLP

exports[`App correctly render 1`] = `
<BrowserRouter>
  <Switch>
    <Route
      component={[Function]}
      exact={true}
      path="/"
    />
    <Route
      component={[Function]}
      exact={true}
      path="/test"
    />
    <Redirect
      to="/"
    />
  </Switch>
</BrowserRouter>
`;
