// Jest Snapshot v1, https://goo.gl/fbAQLP

exports[`PageLogIn correctly render 1`] = `
<main
  className="page-content"
>
  <section
    className="form-custom-box"
  >
    <Connect(WithFormState)
      formType="SIGN_IN"
      titel="Sign In"
    />
  </section>
</main>
`;
